[2026-06-08 23:07:52Z INFO HostContext] No proxy settings were found based on environmental variables (http_proxy/https_proxy/HTTP_PROXY/HTTPS_PROXY)
[2026-06-08 23:07:52Z INFO HostContext] Well known directory 'Bin': '/Users/loken/Developer/AiMarketingtool-pro-fbaf2fad/bin'
[2026-06-08 23:07:52Z INFO HostContext] Well known directory 'Root': '/Users/loken/Developer/AiMarketingtool-pro-fbaf2fad'
[2026-06-08 23:07:52Z INFO HostContext] Well known config file 'Credentials': '/Users/loken/Developer/AiMarketingtool-pro-fbaf2fad/.credentials'
[2026-06-08 23:07:52Z INFO HostContext] Well known directory 'Bin': '/Users/loken/Developer/AiMarketingtool-pro-fbaf2fad/bin'
[2026-06-08 23:07:52Z INFO HostContext] Well known directory 'Root': '/Users/loken/Developer/AiMarketingtool-pro-fbaf2fad'
[2026-06-08 23:07:52Z INFO HostContext] Well known config file 'Runner': '/Users/loken/Developer/AiMarketingtool-pro-fbaf2fad/.runner'
[2026-06-08 23:07:52Z INFO Listener] Runner is built for OSX (Arm64) - osx-arm64.
[2026-06-08 23:07:52Z INFO Listener] RuntimeInformation: Darwin 25.6.0 Darwin Kernel Version 25.6.0: Fri May 15 01:56:36 PDT 2026; root:xnu-12377.160.49.0.1~42/RELEASE_ARM64_T8132.
[2026-06-08 23:07:52Z INFO Listener] Version: 2.334.0
[2026-06-08 23:07:52Z INFO Listener] Commit: f1995ede5d885c997d13d8eca5467c4ce97fe69c
[2026-06-08 23:07:52Z INFO Listener] Culture: en-US
[2026-06-08 23:07:52Z INFO Listener] UI Culture: en-US
[2026-06-08 23:07:52Z INFO HostContext] Well known directory 'Bin': '/Users/loken/Developer/AiMarketingtool-pro-fbaf2fad/bin'
[2026-06-08 23:07:52Z INFO HostContext] Well known directory 'Root': '/Users/loken/Developer/AiMarketingtool-pro-fbaf2fad'
[2026-06-08 23:07:52Z INFO Listener] Validating directory permissions for: '/Users/loken/Developer/AiMarketingtool-pro-fbaf2fad'
[2026-06-08 23:07:52Z INFO CommandLineParser] Parse
[2026-06-08 23:07:52Z INFO CommandLineParser] Parsing 1 args
[2026-06-08 23:07:52Z INFO CommandLineParser] parsing argument
[2026-06-08 23:07:52Z INFO CommandLineParser] HasArgs: False
[2026-06-08 23:07:52Z INFO CommandLineParser] Adding Command: run
[2026-06-08 23:07:52Z INFO Listener] Arguments parsed
[2026-06-08 23:07:52Z INFO Runner] ExecuteCommand
[2026-06-08 23:07:52Z INFO ConfigurationStore] currentAssemblyLocation: /Users/loken/Developer/AiMarketingtool-pro-fbaf2fad/bin/Runner.Listener.dll
[2026-06-08 23:07:52Z INFO HostContext] Well known directory 'Bin': '/Users/loken/Developer/AiMarketingtool-pro-fbaf2fad/bin'
[2026-06-08 23:07:52Z INFO ConfigurationStore] binPath: /Users/loken/Developer/AiMarketingtool-pro-fbaf2fad/bin
[2026-06-08 23:07:52Z INFO HostContext] Well known directory 'Bin': '/Users/loken/Developer/AiMarketingtool-pro-fbaf2fad/bin'
[2026-06-08 23:07:52Z INFO HostContext] Well known directory 'Root': '/Users/loken/Developer/AiMarketingtool-pro-fbaf2fad'
[2026-06-08 23:07:52Z INFO ConfigurationStore] RootFolder: /Users/loken/Developer/AiMarketingtool-pro-fbaf2fad
[2026-06-08 23:07:52Z INFO HostContext] Well known directory 'Bin': '/Users/loken/Developer/AiMarketingtool-pro-fbaf2fad/bin'
[2026-06-08 23:07:52Z INFO HostContext] Well known directory 'Root': '/Users/loken/Developer/AiMarketingtool-pro-fbaf2fad'
[2026-06-08 23:07:52Z INFO HostContext] Well known config file 'Runner': '/Users/loken/Developer/AiMarketingtool-pro-fbaf2fad/.runner'
[2026-06-08 23:07:52Z INFO ConfigurationStore] ConfigFilePath: /Users/loken/Developer/AiMarketingtool-pro-fbaf2fad/.runner
[2026-06-08 23:07:52Z INFO HostContext] Well known directory 'Bin': '/Users/loken/Developer/AiMarketingtool-pro-fbaf2fad/bin'
[2026-06-08 23:07:52Z INFO HostContext] Well known directory 'Root': '/Users/loken/Developer/AiMarketingtool-pro-fbaf2fad'
[2026-06-08 23:07:52Z INFO HostContext] Well known config file 'MigratedRunner': '/Users/loken/Developer/AiMarketingtool-pro-fbaf2fad/.runner_migrated'
[2026-06-08 23:07:52Z INFO ConfigurationStore] MigratedConfigFilePath: /Users/loken/Developer/AiMarketingtool-pro-fbaf2fad/.runner_migrated
[2026-06-08 23:07:52Z INFO HostContext] Well known directory 'Bin': '/Users/loken/Developer/AiMarketingtool-pro-fbaf2fad/bin'
[2026-06-08 23:07:52Z INFO HostContext] Well known directory 'Root': '/Users/loken/Developer/AiMarketingtool-pro-fbaf2fad'
[2026-06-08 23:07:52Z INFO HostContext] Well known config file 'Credentials': '/Users/loken/Developer/AiMarketingtool-pro-fbaf2fad/.credentials'
[2026-06-08 23:07:52Z INFO ConfigurationStore] CredFilePath: /Users/loken/Developer/AiMarketingtool-pro-fbaf2fad/.credentials
[2026-06-08 23:07:52Z INFO HostContext] Well known directory 'Bin': '/Users/loken/Developer/AiMarketingtool-pro-fbaf2fad/bin'
[2026-06-08 23:07:52Z INFO HostContext] Well known directory 'Root': '/Users/loken/Developer/AiMarketingtool-pro-fbaf2fad'
[2026-06-08 23:07:52Z INFO HostContext] Well known config file 'MigratedCredentials': '/Users/loken/Developer/AiMarketingtool-pro-fbaf2fad/.credentials_migrated'
[2026-06-08 23:07:52Z INFO ConfigurationStore] MigratedCredFilePath: /Users/loken/Developer/AiMarketingtool-pro-fbaf2fad/.credentials_migrated
[2026-06-08 23:07:52Z INFO HostContext] Well known directory 'Bin': '/Users/loken/Developer/AiMarketingtool-pro-fbaf2fad/bin'
[2026-06-08 23:07:52Z INFO HostContext] Well known directory 'Root': '/Users/loken/Developer/AiMarketingtool-pro-fbaf2fad'
[2026-06-08 23:07:52Z INFO HostContext] Well known config file 'Service': '/Users/loken/Developer/AiMarketingtool-pro-fbaf2fad/.service'
[2026-06-08 23:07:52Z INFO ConfigurationStore] ServiceConfigFilePath: /Users/loken/Developer/AiMarketingtool-pro-fbaf2fad/.service
[2026-06-08 23:07:52Z INFO CommandSettings] Flag 'help': 'False'
[2026-06-08 23:07:52Z INFO CommandSettings] Flag 'version': 'False'
[2026-06-08 23:07:52Z INFO CommandSettings] Flag 'commit': 'False'
[2026-06-08 23:07:52Z INFO CommandSettings] Flag 'check': 'False'
[2026-06-08 23:07:52Z INFO CommandSettings] Command 'configure': 'False'
[2026-06-08 23:07:52Z INFO CommandSettings] Command 'remove': 'False'
[2026-06-08 23:07:52Z INFO CommandSettings] Command 'warmup': 'False'
[2026-06-08 23:07:52Z INFO ConfigurationManager] LoadSettings
[2026-06-08 23:07:52Z INFO ConfigurationStore] IsConfigured()
[2026-06-08 23:07:52Z INFO ConfigurationStore] IsConfigured: False
[2026-06-08 23:07:52Z INFO ConfigurationManager] Is configured: False
[2026-06-08 23:07:52Z ERR  Terminal] WRITE ERROR: An error occurred: Not configured. Run config.(sh/cmd) to configure the runner.
[2026-06-08 23:07:52Z ERR  Listener] GitHub.Runner.Common.NonRetryableException: Not configured. Run config.(sh/cmd) to configure the runner.
   at GitHub.Runner.Listener.Configuration.ConfigurationManager.LoadSettings()
   at GitHub.Runner.Listener.Runner.ExecuteCommand(CommandSettings command)
   at GitHub.Runner.Listener.Program.MainAsync(IHostContext context, String[] args)
